[16:15:37] [ServerMain/INFO]: [bootstrap] Running Java 21 (Java HotSpot(TM) 64-Bit Server VM 21.0.6+8-LTS-188; Oracle Corporation null) on Windows 11 10.0 (amd64)
[16:15:37] [ServerMain/INFO]: [bootstrap] Loading Paper 1.21.4-225-main@0767902 (2025-04-11T21:49:39Z) for Minecraft 1.21.4
[16:15:39] [ServerMain/INFO]: [PluginInitializerManager] Initializing plugins...
[16:15:39] [ServerMain/INFO]: [PluginInitializerManager] Initialized 10 plugins
[16:15:39] [ServerMain/INFO]: [PluginInitializerManager] Bukkit plugins (10):
 - Arceon (0.4.9), AxiomPaper (4.0.4+1.21.4), Builders-Utilities (2.1.1-127), Essentials (2.21.0), FastAsyncWorldEdit (2.13.1-SNAPSHOT-1086;aee75c1), MiniMOTD (2.1.5), Multiverse-Core (4.3.16), ezEdits (0.13.1), goBrush (3.8.0-87), goPaint (3.1.0-97)
[16:15:45] [ServerMain/INFO]: Environment: Environment[sessionHost=https://sessionserver.mojang.com, servicesHost=https://api.minecraftservices.com, name=PROD]
[16:15:48] [ServerMain/INFO]: Loaded 1370 recipes
[16:15:48] [ServerMain/INFO]: Loaded 1481 advancements
[16:15:48] [ServerMain/INFO]: [MCTypeRegistry] Initialising converters for DataConverter...
[16:15:48] [ServerMain/INFO]: [MCTypeRegistry] Finished initialising converters for DataConverter in 262,4ms
[16:15:49] [Server thread/INFO]: Starting minecraft server version 1.21.4
[16:15:49] [Server thread/INFO]: Loading properties
[16:15:49] [Server thread/INFO]: This server is running Paper version 1.21.4-225-main@0767902 (2025-04-11T21:49:39Z) (Implementing API version 1.21.4-R0.1-SNAPSHOT)
[16:15:49] [Server thread/INFO]: [spark] This server bundles the spark profiler. For more information please visit https://docs.papermc.io/paper/profiling
[16:15:49] [Server thread/INFO]: Server Ping Player Sample Count: 12
[16:15:49] [Server thread/INFO]: Using 4 threads for Netty based IO
[16:15:50] [Server thread/INFO]: [MoonriseCommon] Paper is using 4 worker threads, 1 I/O threads
[16:15:50] [Server thread/INFO]: [ChunkTaskScheduler] Chunk system is using population gen parallelism: true
[16:15:51] [Server console handler/ERROR]: [TerminalConsole] Failed to read console input
java.io.IOException: Controlador no válido
	at java.base/java.io.FileInputStream.readBytes(Native Method) ~[?:?]
	at java.base/java.io.FileInputStream.read(FileInputStream.java:287) ~[?:?]
	at java.base/java.io.BufferedInputStream.read1(BufferedInputStream.java:345) ~[?:?]
	at java.base/java.io.BufferedInputStream.implRead(BufferedInputStream.java:420) ~[?:?]
	at java.base/java.io.BufferedInputStream.read(BufferedInputStream.java:399) ~[?:?]
	at java.base/sun.nio.cs.StreamDecoder.readBytes(StreamDecoder.java:350) ~[?:?]
	at java.base/sun.nio.cs.StreamDecoder.implRead(StreamDecoder.java:393) ~[?:?]
	at java.base/sun.nio.cs.StreamDecoder.lockedRead(StreamDecoder.java:217) ~[?:?]
	at java.base/sun.nio.cs.StreamDecoder.read(StreamDecoder.java:171) ~[?:?]
	at java.base/java.io.InputStreamReader.read(InputStreamReader.java:188) ~[?:?]
	at java.base/java.io.BufferedReader.fill(BufferedReader.java:160) ~[?:?]
	at java.base/java.io.BufferedReader.implReadLine(BufferedReader.java:370) ~[?:?]
	at java.base/java.io.BufferedReader.readLine(BufferedReader.java:347) ~[?:?]
	at java.base/java.io.BufferedReader.readLine(BufferedReader.java:436) ~[?:?]
	at net.minecrell.terminalconsole.SimpleTerminalConsole.readCommands(SimpleTerminalConsole.java:180) ~[terminalconsoleappender-1.3.0.jar:?]
	at net.minecrell.terminalconsole.SimpleTerminalConsole.start(SimpleTerminalConsole.java:143) ~[terminalconsoleappender-1.3.0.jar:?]
	at net.minecraft.server.dedicated.DedicatedServer$1.run(DedicatedServer.java:109) ~[paper-1.21.4.jar:1.21.4-225-0767902]
	Suppressed: java.io.IOException: Controlador no válido
		at java.base/java.io.FileDescriptor.close0(Native Method) ~[?:?]
		at java.base/java.io.FileDescriptor.close(FileDescriptor.java:304) ~[?:?]
		at java.base/java.io.FileInputStream$1.close(FileInputStream.java:526) ~[?:?]
		at java.base/java.io.FileDescriptor.closeAll(FileDescriptor.java:362) ~[?:?]
		at java.base/java.io.FileInputStream.close(FileInputStream.java:524) ~[?:?]
		at java.base/java.io.BufferedInputStream.close(BufferedInputStream.java:618) ~[?:?]
		at java.base/sun.nio.cs.StreamDecoder.implClose(StreamDecoder.java:445) ~[?:?]
		at java.base/sun.nio.cs.StreamDecoder.lockedClose(StreamDecoder.java:266) ~[?:?]
		at java.base/sun.nio.cs.StreamDecoder.close(StreamDecoder.java:251) ~[?:?]
		at java.base/java.io.InputStreamReader.close(InputStreamReader.java:203) ~[?:?]
		at java.base/java.io.BufferedReader.implClose(BufferedReader.java:636) ~[?:?]
		at java.base/java.io.BufferedReader.close(BufferedReader.java:621) ~[?:?]
		at net.minecrell.terminalconsole.SimpleTerminalConsole.readCommands(SimpleTerminalConsole.java:183) ~[terminalconsoleappender-1.3.0.jar:?]
		at net.minecrell.terminalconsole.SimpleTerminalConsole.start(SimpleTerminalConsole.java:143) ~[terminalconsoleappender-1.3.0.jar:?]
		at net.minecraft.server.dedicated.DedicatedServer$1.run(DedicatedServer.java:109) ~[paper-1.21.4.jar:1.21.4-225-0767902]
[16:15:51] [Server thread/INFO]: Default game type: CREATIVE
[16:15:51] [Server thread/INFO]: Generating keypair
[16:15:51] [Server thread/INFO]: Starting Minecraft server on *:25565
[16:15:51] [Server thread/INFO]: Using default channel type
[16:15:51] [Server thread/INFO]: Paper: Using Java compression from Velocity.
[16:15:51] [Server thread/INFO]: Paper: Using Java cipher from Velocity.
[16:15:52] [Server thread/INFO]: [FastAsyncWorldEdit] Loading server plugin FastAsyncWorldEdit v2.13.1-SNAPSHOT-1086;aee75c1
[16:15:54] [Server thread/INFO]: Got request to register class com.sk89q.worldedit.bukkit.BukkitServerInterface with WorldEdit [com.sk89q.worldedit.extension.platform.PlatformManager@6abe5bc0]
[16:15:54] [Server thread/INFO]: [Arceon] Loading server plugin Arceon v0.4.9
[16:15:54] [Server thread/INFO]: [Multiverse-Core] Loading server plugin Multiverse-Core v4.3.16
[16:15:54] [Server thread/INFO]: [MiniMOTD] Loading server plugin MiniMOTD v2.1.5
[16:15:54] [Server thread/INFO]: [goPaint] Loading server plugin goPaint v3.1.0-97
[16:15:54] [Server thread/INFO]: [goBrush] Loading server plugin goBrush v3.8.0-87
[16:15:54] [Server thread/INFO]: [ezEdits] Loading server plugin ezEdits v0.13.1
[16:15:54] [Server thread/INFO]: [ezEdits] Setting up plugin (Build #gAAAAABn-5Y8FQs4vQXpR3zGqij4eJOpUeA7nYJhwrKFG62QuRlYTzpC1jiuVBENgn9KTkfZCX2dzXgxsdnMBCg_6cupaaFeuyvcfv24kSwKNF7mBF7XwOQ=)
[16:15:54] [Server thread/INFO]: [ezEdits] Enabling Arceon integration
[16:15:54] [Server thread/INFO]: [ezEdits] Setup Palettes folder
[16:15:54] [Server thread/INFO]: [ezEdits] Setup Noise folder
[16:15:54] [Server thread/INFO]: [ezEdits] Setup Selections folder
[16:15:55] [Server thread/INFO]: [Essentials] Loading server plugin Essentials v2.21.0
[16:15:55] [Server thread/INFO]: [Builders-Utilities] Loading server plugin Builders-Utilities v2.1.1-127
[16:15:55] [Server thread/INFO]: [AxiomPaper] Loading server plugin AxiomPaper v4.0.4+1.21.4
[16:15:55] [Server thread/INFO]: Server permissions file permissions.yml is empty, ignoring it
[16:15:55] [Server thread/INFO]: [FastAsyncWorldEdit] Enabling FastAsyncWorldEdit v2.13.1-SNAPSHOT-1086;aee75c1
[16:15:55] [Server thread/INFO]: [com.fastasyncworldedit.core.Fawe] LZ4 Compression Binding loaded successfully
[16:15:55] [Server thread/INFO]: [com.fastasyncworldedit.core.Fawe] ZSTD Compression Binding loaded successfully
[16:15:56] [Server thread/INFO]: Registering commands with com.sk89q.worldedit.bukkit.BukkitServerInterface
[16:15:56] [Server thread/INFO]: WEPIF: Using the Bukkit Permissions API.
[16:15:56] [Server thread/INFO]: Using com.sk89q.worldedit.bukkit.adapter.impl.fawe.v1_21_4.PaperweightFaweAdapter as the Bukkit adapter
[16:15:58] [Server thread/INFO]: Preparing level "world"
[16:15:58] [Server thread/INFO]: Preparing start region for dimension minecraft:overworld
[16:15:58] [Server thread/INFO]: Preparing spawn area: 0%
[16:15:58] [ForkJoinPool.commonPool-worker-1/WARN]: [com.fastasyncworldedit.core.util.UpdateNotification] An update for FastAsyncWorldEdit is available. You are 1 build(s) out of date.
You are running build 1086, the latest version is build 1087.
Update at https://ci.athion.net/job/FastAsyncWorldEdit
[16:15:59] [Server thread/INFO]: Preparing spawn area: 2%
[16:15:59] [Server thread/INFO]: Preparing spawn area: 2%
[16:15:59] [Server thread/INFO]: Time elapsed: 1052 ms
[16:15:59] [Server thread/INFO]: Preparing start region for dimension minecraft:the_end
[16:15:59] [Server thread/INFO]: Preparing spawn area: 0%
[16:15:59] [Server thread/INFO]: Time elapsed: 186 ms
[16:15:59] [Server thread/INFO]: [Arceon] Enabling Arceon v0.4.9
[16:15:59] [Server thread/INFO]: [Arceon] Arceon loading...
[16:15:59] [Server thread/INFO]: [Arceon] Loading config...
[16:15:59] [Server thread/INFO]: [Arceon] Could not load any fonts ...
[16:15:59] [Server thread/INFO]: [Arceon] Please put fonts in the fonts folder!
[16:16:00] [Server thread/INFO]: [Multiverse-Core] Enabling Multiverse-Core v4.3.16
[16:16:00] [Server thread/WARN]: [Multiverse-Core] "Multiverse-Core v4.3.16" has registered a listener for org.bukkit.event.entity.EntityCreatePortalEvent on method "public void com.onarandombox.MultiverseCore.listeners.MVPortalListener.entityPortalCreate(org.bukkit.event.entity.EntityCreatePortalEvent)", but the event is Deprecated. "Server performance will be affected"; please notify the authors [dumptruckman, Rigby, fernferret, lithium3141, main--].
[16:16:00] [Server thread/INFO]: [Multiverse-Core] §aWe are aware of the warning about the deprecated event. There is no alternative that allows us to do what we need to do and performance impact is negligible. It is safe to ignore.
[16:16:00] [Server thread/INFO]: Preparing start region for dimension minecraft:villa
[16:16:00] [Server thread/INFO]: Preparing spawn area: 0%
[16:16:00] [Server thread/INFO]: Time elapsed: 149 ms
[16:16:01] [Server thread/INFO]: [Multiverse-Core] 3 - World(s) loaded.
[16:16:01] [Server thread/WARN]: [Multiverse-Core] Buscript failed to load! The script command will be disabled! If you would like not to see this message, use `/mv conf enablebuscript false` to disable Buscript from loading.
[16:16:01] [Server thread/INFO]: [Multiverse-Core] Version 4.3.16 (API v24) Enabled - By dumptruckman, Rigby, fernferret, lithium3141 and main--
[16:16:01] [Server thread/INFO]: [MiniMOTD] Enabling MiniMOTD v2.1.5
[16:16:01] [Server thread/INFO]: [goPaint] Enabling goPaint v3.1.0-97
[16:16:01] [Server thread/INFO]: [goBrush] Enabling goBrush v3.8.0-87
[16:16:02] [Server thread/INFO]: [ezEdits] Enabling ezEdits v0.13.1
[16:16:02] [Server thread/INFO]: [ezEdits] Registered 21 masks : [#near, #eznoisemask, #voronoiedgemask, #ridgedmask, #smoothcellsmask, #aim, #aim, #vectorgradientmask, #attached, #attached, #fullblock, #palette, #fuzzypalette, #truelight, #blocklight, #savedselection, #hotbar, #current, #lightsource, #lightsource, #infested]
[16:16:02] [Server thread/INFO]: [ezEdits] Registered 10 patterns : [#eznoisepattern, #voronoiedgepattern, #ridgedpattern, #smoothcellspattern, #aim, #aim, #vectorgradientpattern, #selection, #palette, #hotbar]
[16:16:02] [Server thread/INFO]: [ezEdits] ezEdits version 0.13.1 enabled. Running on FastAsyncWorldEdit v2.13.1
[16:16:02] [Server thread/INFO]: [Essentials] Enabling Essentials v2.21.0
[16:16:03] [Server thread/INFO]: [Essentials] Attempting to convert old kits in config.yml to new kits.yml
[16:16:03] [Server thread/INFO]: [Essentials] No kits found to migrate.
[16:16:03] [Server thread/INFO]: [Essentials] Selected 1.14.4+ Persistent Data Container Provider as the provider for PersistentDataProvider
[16:16:03] [Server thread/INFO]: [Essentials] Selected Paper Server State Provider as the provider for ServerStateProvider
[16:16:03] [Server thread/INFO]: [Essentials] Selected Reflection Formatted Command Alias Provider as the provider for FormattedCommandAliasProvider
[16:16:03] [Server thread/INFO]: [Essentials] Selected 1.20.4+ Damage Event Provider as the provider for DamageEventProvider
[16:16:03] [Server thread/INFO]: [Essentials] Selected 1.12+ Spawner Block Provider as the provider for SpawnerBlockProvider
[16:16:03] [Server thread/INFO]: [Essentials] Selected Paper Container Provider as the provider for ContainerProvider
[16:16:03] [Server thread/INFO]: [Essentials] Selected 1.20.6+ Potion Meta Provider as the provider for PotionMetaProvider
[16:16:03] [Server thread/INFO]: [Essentials] Selected 1.21.4+ Sync Commands Provider as the provider for SyncCommandsProvider
[16:16:03] [Server thread/INFO]: [Essentials] Selected 1.20.5+ Banner Data Provider as the provider for BannerDataProvider
[16:16:03] [Server thread/INFO]: [Essentials] Selected Paper Serialization Provider as the provider for SerializationProvider
[16:16:03] [Server thread/INFO]: [Essentials] Selected 1.13+ Spawn Egg Provider as the provider for SpawnEggProvider
[16:16:03] [Server thread/INFO]: [Essentials] Selected 1.14+ Sign Data Provider as the provider for SignDataProvider
[16:16:03] [Server thread/INFO]: [Essentials] Selected 1.12.2+ Player Locale Provider as the provider for PlayerLocaleProvider
[16:16:03] [Server thread/INFO]: [Essentials] Selected 1.17.1+ World Info Provider as the provider for WorldInfoProvider
[16:16:03] [Server thread/INFO]: [Essentials] Selected Paper Known Commands Provider as the provider for KnownCommandsProvider
[16:16:03] [Server thread/INFO]: [Essentials] Selected Paper Material Tag Provider as the provider for MaterialTagProvider
[16:16:03] [Server thread/INFO]: [Essentials] Selected Paper Tick Count Provider as the provider for TickCountProvider
[16:16:03] [Server thread/INFO]: [Essentials] Selected 1.21+ InventoryView Interface ABI Provider as the provider for InventoryViewProvider
[16:16:03] [Server thread/INFO]: [Essentials] Selected 1.11+ Item Unbreakable Provider as the provider for ItemUnbreakableProvider
[16:16:03] [Server thread/INFO]: [Essentials] Selected Paper Biome Key Provider as the provider for BiomeKeyProvider
[16:16:03] [Server thread/INFO]: [Essentials] Selected Reflection Online Mode Provider as the provider for OnlineModeProvider
[16:16:03] [Server thread/INFO]: [Essentials] Selected 1.8.3+ Spawner Item Provider as the provider for SpawnerItemProvider
[16:16:03] [Server thread/INFO]: [Essentials] Loaded 43465 items from items.json.
[16:16:04] [Server thread/INFO]: [Essentials] Using locale es_ES
[16:16:04] [Server thread/INFO]: [Essentials] ServerListPingEvent: Spigot iterator API
[16:16:04] [Server thread/INFO]: [Essentials] Starting Metrics. Opt-out using the global bStats config.
[16:16:04] [Server thread/INFO]: [Essentials] Using superperms-based permissions.
[16:16:04] [Server thread/INFO]: [Builders-Utilities] Enabling Builders-Utilities v2.1.1-127
[16:16:04] [Server thread/INFO]: [AxiomPaper] Enabling AxiomPaper v4.0.4+1.21.4
[16:16:05] [Server thread/INFO]: [spark] Starting background profiler...
[16:16:05] [Server thread/INFO]: [spark] The async-profiler engine is not supported for your os/arch (windows11/amd64), so the built-in Java engine will be used instead.
[16:16:06] [Server thread/INFO]: Done preparing level "world" (7.852s)
[16:16:06] [Server thread/INFO]: Running delayed init tasks
[16:16:06] [Craft Scheduler Thread - 1 - Essentials/INFO]: [Essentials] Obteniendo información de versión...
[16:16:06] [Server thread/INFO]: Done (29.438s)! For help, type "help"
[16:18:21] [User Authenticator #0/INFO]: UUID of player Chaenyx is 1e625ffa-0f57-4579-815e-3d6e0952fed1
[16:18:22] [Server thread/INFO]: Chaenyx joined the game
[16:18:22] [Server thread/INFO]: Chaenyx[/127.0.0.1:53640] logged in with entity id 21 at ([villa]381.9891943266953, 16.268226500978255, 280.4829358510967)
[16:22:29] [Server thread/INFO]: Chaenyx issued server command: /gamemode spectator
[16:22:31] [Server thread/INFO]: Chaenyx issued server command: /gamemode creative
[16:23:13] [Server thread/INFO]: Chaenyx issued server command: /speed 1
[16:31:13] [Server thread/INFO]: Chaenyx issued server command: /builds
[16:31:14] [Server thread/INFO]: Chaenyx issued server command: /bv
[16:31:16] [Server thread/INFO]: Chaenyx issued server command: /db
[16:31:17] [Server thread/INFO]: Chaenyx issued server command: /bc
[16:31:21] [Server thread/INFO]: Chaenyx issued server command: /bc
[16:31:27] [Server thread/INFO]: Chaenyx issued server command: /builders-utilities:/c
[16:31:33] [Server thread/INFO]: Chaenyx issued server command: /builders
[16:31:38] [Server thread/INFO]: Chaenyx issued server command: /builders-utilities:color
[16:31:42] [Server thread/INFO]: Chaenyx issued server command: /bu
[16:31:42] [Server thread/INFO]: Environment: Environment[sessionHost=https://sessionserver.mojang.com, servicesHost=https://api.minecraftservices.com, name=PROD]
[16:34:36] [Server thread/INFO]: Chaenyx issued server command: //undo
[16:34:37] [AsyncNotifyKeyedQueue - 0/INFO]: Using com.sk89q.worldedit.bukkit.adapter.impl.fawe.v1_21_4.PaperweightStarlightRelighterFactory as relighter factory.
[16:34:42] [Server thread/INFO]: Chaenyx issued server command: //redo
[16:35:33] [Server thread/INFO]: Chaenyx issued server command: /speed 10
[16:36:08] [Server thread/INFO]: Chaenyx issued server command: //replace 0 25:7
[16:36:36] [Server thread/INFO]: Chaenyx issued server command: //replace 0 35:77
[16:36:37] [Server thread/INFO]: Chaenyx issued server command: //replace 0 35:7
[16:36:56] [Server thread/INFO]: Chaenyx issued server command: //set 35:11
[16:36:58] [Server thread/INFO]: Chaenyx issued server command: //set 35:9
[16:37:02] [Server thread/INFO]: Chaenyx issued server command: //set 252:9
[17:08:49] [Server thread/INFO]: Chaenyx issued server command: /n
[17:16:25] [Server thread/INFO]: Chaenyx issued server command: //pos1
[17:16:28] [Server thread/INFO]: Chaenyx issued server command: //pos2
[17:16:29] [Server thread/INFO]: Chaenyx issued server command: //set 0
[17:16:37] [Server thread/INFO]: Chaenyx issued server command: //set 35
[17:16:40] [Server thread/INFO]: Chaenyx issued server command: //undo
[17:16:47] [Server thread/INFO]: Chaenyx issued server command: //set 35
[17:16:52] [Server thread/INFO]: Chaenyx issued server command: //set 35:7
[17:45:43] [Server thread/INFO]: /156.146.63.199:8207 lost connection: Internal Exception: java.lang.IllegalStateException: Invalid characters in username
[18:01:28] [Server thread/INFO]: Chaenyx issued server command: /speed 1
[18:01:33] [Server thread/INFO]: Chaenyx issued server command: /speed 1
[18:01:36] [Server thread/INFO]: Chaenyx issued server command: /speed 4
[18:01:51] [Server thread/INFO]: Chaenyx issued server command: /speed 1
[18:07:08] [Server thread/INFO]: Chaenyx issued server command: /speed 3
[18:11:31] [Server thread/INFO]: Chaenyx issued server command: //pos2
[18:11:36] [Server thread/INFO]: Chaenyx issued server command: //coopy
[18:11:37] [Server thread/INFO]: Chaenyx issued server command: //colpy
[18:11:38] [Server thread/INFO]: Chaenyx issued server command: //copy
[18:11:53] [Server thread/INFO]: Chaenyx issued server command: //paste -a
[18:12:01] [Server thread/INFO]: Chaenyx issued server command: //undo
[18:12:04] [Server thread/INFO]: Chaenyx issued server command: //paste -a
[18:12:26] [Server thread/INFO]: Chaenyx issued server command: //undo
[18:12:27] [Server thread/INFO]: Chaenyx issued server command: //undo
[18:12:27] [Server thread/INFO]: Chaenyx issued server command: //undo
[18:12:28] [Server thread/INFO]: Chaenyx issued server command: //undo
[18:12:29] [Server thread/INFO]: Chaenyx issued server command: //undo
[18:12:29] [Server thread/INFO]: Chaenyx issued server command: //undo
[18:12:31] [Server thread/INFO]: Chaenyx issued server command: //redo
[18:12:32] [Server thread/INFO]: Chaenyx issued server command: //redo
[18:12:32] [Server thread/INFO]: Chaenyx issued server command: //redo
[18:12:33] [Server thread/INFO]: Chaenyx issued server command: //redo
[18:12:43] [Server thread/INFO]: Chaenyx issued server command: //redo
[18:12:43] [Server thread/INFO]: Chaenyx issued server command: //redo
[18:12:58] [Server thread/INFO]: Chaenyx issued server command: //copy
[18:13:05] [Server thread/INFO]: Chaenyx issued server command: //paste -a
[18:13:07] [Server thread/INFO]: Chaenyx issued server command: //undo
[18:13:09] [Server thread/INFO]: Chaenyx issued server command: //rotate 180
[18:13:13] [Server thread/INFO]: Chaenyx issued server command: //paste -a
[18:13:18] [Server thread/INFO]: Chaenyx issued server command: //undo
[18:13:20] [Server thread/INFO]: Chaenyx issued server command: //paste -a
[18:13:25] [Server thread/INFO]: Chaenyx issued server command: //rotate 90
[18:13:30] [Server thread/INFO]: Chaenyx issued server command: //paste -a
[18:13:46] [Server thread/INFO]: Chaenyx issued server command: //coy
[18:13:48] [Server thread/INFO]: Chaenyx issued server command: //copy
[18:13:54] [Server thread/INFO]: Chaenyx issued server command: //paste -a
[18:13:57] [Server thread/INFO]: Chaenyx issued server command: //undo
[18:14:04] [Server thread/INFO]: Chaenyx issued server command: //paste -a
[18:14:05] [Server thread/INFO]: Chaenyx issued server command: //undo
[18:14:11] [Server thread/INFO]: Chaenyx issued server command: //rotate 90
[18:14:14] [Server thread/INFO]: Chaenyx issued server command: //paste -a
[18:14:20] [Server thread/INFO]: Chaenyx issued server command: //undo
[18:14:22] [Server thread/INFO]: Chaenyx issued server command: //paste -a
[18:14:30] [Server thread/INFO]: Chaenyx issued server command: //undo
[18:14:32] [Server thread/INFO]: Chaenyx issued server command: //paste -a
[18:14:40] [Server thread/INFO]: Chaenyx issued server command: //paste -a
[18:14:46] [Server thread/INFO]: Chaenyx issued server command: //undo
[18:14:47] [Server thread/INFO]: Chaenyx issued server command: //paste -a
[18:14:56] [Server thread/INFO]: Chaenyx issued server command: //undo
[18:14:58] [Server thread/INFO]: Chaenyx issued server command: //paste -a
[18:15:05] [Server thread/INFO]: Chaenyx issued server command: //undo
[18:15:08] [Server thread/INFO]: Chaenyx issued server command: //paste -a
[18:15:25] [Server thread/INFO]: Chaenyx issued server command: //copy
[18:15:35] [Server thread/INFO]: Chaenyx issued server command: //paste -a
[18:15:42] [Server thread/INFO]: Chaenyx issued server command: //undo
[18:15:43] [Server thread/INFO]: Chaenyx issued server command: //paste -a
[18:16:04] [Server thread/INFO]: Chaenyx issued server command: //pos2
[18:16:07] [Server thread/INFO]: Chaenyx issued server command: //move 5
[18:16:10] [Server thread/INFO]: Chaenyx issued server command: //undo
[18:16:13] [Server thread/INFO]: Chaenyx issued server command: //move 5
[18:16:19] [Server thread/INFO]: Chaenyx issued server command: //pos2
[18:16:26] [Server thread/INFO]: Chaenyx issued server command: //move 6
[18:16:32] [Server thread/INFO]: Chaenyx issued server command: //pos2
[18:16:35] [Server thread/INFO]: Chaenyx issued server command: //move 4
[18:17:04] [Server thread/INFO]: Chaenyx issued server command: //pos2
[18:17:06] [Server thread/INFO]: Chaenyx issued server command: //move 7
[18:17:17] [Server thread/INFO]: Chaenyx issued server command: //pos2
[18:17:19] [Server thread/INFO]: Chaenyx issued server command: //move 4
[18:17:29] [Server thread/INFO]: Chaenyx issued server command: //pos2
[18:17:31] [Server thread/INFO]: Chaenyx issued server command: //move 4
[18:17:41] [Server thread/INFO]: Chaenyx issued server command: //pos2
[18:17:45] [Server thread/INFO]: Chaenyx issued server command: //move 3
[18:22:26] [Server thread/INFO]: Chaenyx issued server command: //pos2
[18:22:43] [Server thread/INFO]: Chaenyx issued server command: //replace <mangrove_log mangrove_log
[18:22:46] [Server thread/INFO]: Chaenyx issued server command: //undo
[18:22:48] [Server thread/INFO]: Chaenyx issued server command: //gmask 0
[18:22:49] [Server thread/INFO]: Chaenyx issued server command: //replace <mangrove_log mangrove_log
[18:22:50] [Server thread/INFO]: Chaenyx issued server command: //replace <mangrove_log mangrove_log
[18:22:51] [Server thread/INFO]: Chaenyx issued server command: //replace <mangrove_log mangrove_log
[18:22:51] [Server thread/INFO]: Chaenyx issued server command: //replace <mangrove_log mangrove_log
[18:22:52] [Server thread/INFO]: Chaenyx issued server command: //replace <mangrove_log mangrove_log
[18:22:52] [Server thread/INFO]: Chaenyx issued server command: //replace <mangrove_log mangrove_log
[18:22:52] [Server thread/INFO]: Chaenyx issued server command: //replace <mangrove_log mangrove_log
[18:22:53] [Server thread/INFO]: Chaenyx issued server command: //replace <mangrove_log mangrove_log
[18:22:54] [Server thread/INFO]: Chaenyx issued server command: //replace <mangrove_log mangrove_log
[18:22:55] [Server thread/INFO]: Chaenyx issued server command: //replace <mangrove_log mangrove_log
[18:22:55] [Server thread/INFO]: Chaenyx issued server command: //replace <mangrove_log mangrove_log
[18:22:58] [Server thread/INFO]: Chaenyx issued server command: //gmask
[18:23:02] [Server thread/INFO]: Chaenyx issued server command: //set 0
[18:23:07] [Server thread/INFO]: Chaenyx issued server command: //set 0
[18:23:13] [Server thread/INFO]: Chaenyx issued server command: //set 0
[18:23:27] [Server thread/INFO]: Chaenyx issued server command: //set 0
[18:23:30] [Server thread/INFO]: Chaenyx issued server command: //set 0
[18:30:40] [Server thread/INFO]: Chaenyx issued server command: /loft clear
[18:30:49] [Server thread/INFO]: Chaenyx issued server command: /loft clear
[18:31:23] [Server thread/INFO]: Chaenyx issued server command: /loft set 41
[18:31:35] [Server thread/INFO]: Chaenyx issued server command: /loft clear
[18:35:13] [Server thread/INFO]: Chaenyx issued server command: //conn
[18:35:15] [Server thread/INFO]: Chaenyx issued server command: //con
[18:35:16] [Server thread/INFO]: Chaenyx issued server command: /speed 1
[18:35:55] [Server thread/INFO]: Chaenyx issued server command: /road
[18:35:57] [Server thread/INFO]: Chaenyx issued server command: /road 42 2
[18:36:01] [Server thread/INFO]: Chaenyx issued server command: //undo
[18:36:02] [Server thread/INFO]: Chaenyx issued server command: /road 42 1 1
[18:36:05] [Server thread/INFO]: Chaenyx issued server command: //undo
[18:36:07] [Server thread/INFO]: Chaenyx issued server command: /road 42 1 1
[18:36:12] [Server thread/INFO]: Chaenyx issued server command: //undo
[18:36:14] [Server thread/INFO]: Chaenyx issued server command: /road 42 3 1
[18:36:18] [Server thread/INFO]: Chaenyx issued server command: //undo
[18:36:20] [Server thread/INFO]: Chaenyx issued server command: ///gmask 0
[18:36:21] [Server thread/INFO]: Chaenyx issued server command: //gmask 0
[18:36:22] [Server thread/INFO]: Chaenyx issued server command: /road 42 3 1
[18:36:29] [Server thread/INFO]: Chaenyx issued server command: //undo
[18:36:31] [Server thread/INFO]: Chaenyx issued server command: /road 42 4 1
[18:36:34] [Server thread/INFO]: Chaenyx issued server command: //gmask
[18:43:13] [Server thread/INFO]: Chaenyx issued server command: /speed 3
[18:43:22] [Server thread/INFO]: Chaenyx issued server command: //copy
[18:43:24] [Server thread/INFO]: Chaenyx issued server command: //cub
[18:43:28] [Server thread/INFO]: Chaenyx issued server command: //copy
[18:43:40] [Server thread/INFO]: Chaenyx issued server command: //paste -a
[18:43:46] [Server thread/INFO]: Chaenyx issued server command: //undo
[18:43:46] [Server thread/INFO]: Chaenyx issued server command: //paste -a
[18:43:49] [Server thread/INFO]: Chaenyx issued server command: /speed 1
[18:44:04] [Server thread/INFO]: Chaenyx issued server command: /speed 3
[18:44:12] [Server thread/INFO]: Chaenyx issued server command: //copy
[18:44:21] [Server thread/INFO]: Chaenyx issued server command: //paste -a
[18:44:24] [Server thread/INFO]: Chaenyx issued server command: //undo
[18:44:26] [Server thread/INFO]: Chaenyx issued server command: //rotate 90
[18:44:56] [Server thread/INFO]: Chaenyx issued server command: //paste -a
[18:45:01] [Server thread/INFO]: Chaenyx issued server command: //undo
[18:45:02] [Server thread/INFO]: Chaenyx issued server command: //paste -a
[18:46:29] [Server thread/INFO]: Chaenyx issued server command: //copy
[18:46:36] [Server thread/INFO]: Chaenyx issued server command: //paste -a
[18:46:40] [Server thread/INFO]: Chaenyx issued server command: //undo
[18:46:41] [Server thread/INFO]: Chaenyx issued server command: /speed 1
[18:46:43] [Server thread/INFO]: Chaenyx issued server command: //paste -a
[18:46:59] [Server thread/INFO]: Chaenyx issued server command: /speed 3
[18:47:07] [Server thread/INFO]: Chaenyx issued server command: /speed 1
[18:47:09] [Server thread/INFO]: Chaenyx issued server command: //undo
[18:47:11] [Server thread/INFO]: Chaenyx issued server command: //paset -a
[18:47:13] [Server thread/INFO]: Chaenyx issued server command: //paste -a
[18:47:16] [Server thread/INFO]: Chaenyx issued server command: //undo
[18:47:19] [Server thread/INFO]: Chaenyx issued server command: //rotate 180
[18:47:20] [Server thread/INFO]: Chaenyx issued server command: //paste -a
[18:47:24] [Server thread/INFO]: Chaenyx issued server command: //undo
[18:47:26] [Server thread/INFO]: Chaenyx issued server command: //rotate 180
[18:47:28] [Server thread/INFO]: Chaenyx issued server command: //paste -a
[18:47:40] [Server thread/INFO]: Chaenyx issued server command: /speed 3
[18:48:17] [Server thread/INFO]: Chaenyx issued server command: //move
[18:48:33] [Server thread/INFO]: Chaenyx issued server command: //set 252:15
[18:56:02] [Server thread/INFO]: Chaenyx issued server command: /loft clear
[18:56:07] [Server thread/INFO]: Chaenyx issued server command: //copy
[18:56:14] [Server thread/INFO]: Chaenyx issued server command: //paste -a
[18:56:17] [Server thread/INFO]: Chaenyx issued server command: //undo
[18:56:19] [Server thread/INFO]: Chaenyx issued server command: //rotate 180
[18:56:20] [Server thread/INFO]: Chaenyx issued server command: /speed 1
[18:56:43] [Server thread/INFO]: Chaenyx issued server command: //paste -a
[18:56:47] [Server thread/INFO]: Chaenyx issued server command: //undo
[18:56:48] [Server thread/INFO]: Chaenyx issued server command: //paste -a
[18:57:56] [Server thread/INFO]: Chaenyx issued server command: /speed 3
[18:57:59] [Server thread/INFO]: Chaenyx issued server command: /speed 1
[18:58:05] [Server thread/INFO]: Chaenyx issued server command: //copy
[18:58:11] [Server thread/INFO]: Chaenyx issued server command: //paste -a
[18:58:14] [Server thread/INFO]: Chaenyx issued server command: //undo
[18:58:15] [Server thread/INFO]: Chaenyx issued server command: //rotate 90
[18:58:20] [Server thread/INFO]: Chaenyx issued server command: //rotate 90
[18:58:20] [Server thread/INFO]: Chaenyx issued server command: //rotate 90
[18:58:24] [Server thread/INFO]: Chaenyx issued server command: //paste -a
[20:07:44] [User Authenticator #1/INFO]: UUID of player Rohzer47 is a25f5d4a-bc0f-498e-be0e-d21260c846f2
[20:07:45] [Server thread/INFO]: Rohzer47 joined the game
[20:07:45] [Server thread/INFO]: Rohzer47[/187.190.185.47:36802] logged in with entity id 233 at ([world]-5.5, -60.0, -7.5)
[20:07:56] [Server thread/INFO]: Rohzer47 issued server command: /gamemode creative
[20:08:00] [Server thread/INFO]: Rohzer47 issued server command: /toggleeditwand
[20:08:08] [Server thread/INFO]: Rohzer47 issued server command: /toggledownfall
[20:08:12] [Server thread/INFO]: Rohzer47 issued server command: /rain sun
[20:08:17] [Server thread/INFO]: Rohzer47 issued server command: /tp Chaenyx
[20:08:20] [Server thread/INFO]: Rohzer47 fell from a high place
[20:08:23] [Server thread/INFO]: Rohzer47 issued server command: /gamemode adventure
[20:08:27] [Server thread/INFO]: Rohzer47 issued server command: /mv modify set gamemode creative
[20:08:28] [Server thread/INFO]: Rohzer47 issued server command: /gamemode adventure
[20:08:29] [Server thread/INFO]: Rohzer47 issued server command: /gamemode creative
[20:08:35] [Server thread/INFO]: Rohzer47 issued server command: /speed 10
[20:09:13] [Server thread/INFO]: Rohzer47 lost connection: Disconnected
[20:09:13] [Server thread/INFO]: Rohzer47 left the game
[20:54:37] [Server thread/INFO]: Chaenyx issued server command: //pos2
[21:01:22] [Server thread/INFO]: Chaenyx issued server command: //gmask 42
[21:02:00] [Server thread/INFO]: Chaenyx issued server command: //replace 42 mud
[21:02:13] [Server thread/INFO]: Chaenyx issued server command: //replace 41 cobbled_deepslate
[21:02:16] [Server thread/INFO]: Chaenyx issued server command: //gmask
[21:02:17] [Server thread/INFO]: Chaenyx issued server command: //replace 41 cobbled_deepslate
[21:02:27] [Server thread/INFO]: Chaenyx issued server command: //gmask #cell[6]
[21:02:32] [Server thread/INFO]: Chaenyx issued server command: //replace mud moss_block
[21:02:37] [Server thread/INFO]: Chaenyx issued server command: //gmask
[21:02:39] [Server thread/INFO]: Chaenyx issued server command: //gmask #cell[6]
[21:02:43] [Server thread/INFO]: Chaenyx issued server command: //replace moss_block mud
[21:02:45] [Server thread/INFO]: Chaenyx issued server command: //replace moss_block mud
[21:02:46] [Server thread/INFO]: Chaenyx issued server command: //gmask
[21:04:32] [Server thread/INFO]: Chaenyx issued server command: //stack 10
[21:04:34] [Server thread/INFO]: Chaenyx issued server command: //stack 11
[21:04:58] [Server thread/INFO]: Chaenyx issued server command: //undo
[21:04:59] [Server thread/INFO]: Chaenyx issued server command: //undo
[21:09:21] [Server thread/INFO]: Chaenyx issued server command: /n
[21:09:39] [Server thread/INFO]: Chaenyx issued server command: //tr
[21:14:32] [Server thread/INFO]: Chaenyx issued server command: /-fc
[21:14:35] [Server thread/INFO]: Chaenyx issued server command: //fc
[21:14:43] [Server thread/INFO]: Chaenyx issued server command: //pos2
[21:14:44] [Server thread/INFO]: Chaenyx issued server command: //fc
[21:15:05] [Server thread/INFO]: Chaenyx lost connection: Disconnected
[21:15:05] [Server thread/INFO]: Chaenyx left the game
[21:15:08] [User Authenticator #2/INFO]: UUID of player Chaenyx is 1e625ffa-0f57-4579-815e-3d6e0952fed1
[21:15:08] [Server thread/INFO]: Chaenyx joined the game
[21:15:08] [Server thread/INFO]: Chaenyx[/127.0.0.1:55289] logged in with entity id 240 at ([villa]304.28037313046724, -40.38218048178072, 335.3171051244291)
[21:18:22] [Server thread/INFO]: Chaenyx has made the advancement [Sweet Dreams]
[21:19:02] [Server thread/INFO]: Chaenyx lost connection: Disconnected
[21:19:02] [Server thread/INFO]: Chaenyx left the game
[21:25:59] [User Authenticator #3/INFO]: UUID of player Rohzer47 is a25f5d4a-bc0f-498e-be0e-d21260c846f2
[21:26:00] [Server thread/INFO]: Rohzer47 joined the game
[21:26:00] [Server thread/INFO]: Rohzer47[/187.190.185.47:36418] logged in with entity id 258 at ([villa]323.81941121191215, -27.162410433246386, 331.53857453274065)
[21:26:15] [Server thread/INFO]: Rohzer47 has made the advancement [Stone Age]
[21:26:45] [Async Chat Thread - #4/INFO]: <Rohzer47> agrega
[21:26:45] [User Authenticator #3/INFO]: UUID of player Chaenyx is 1e625ffa-0f57-4579-815e-3d6e0952fed1
[21:26:45] [Server thread/INFO]: Chaenyx joined the game
[21:26:45] [Server thread/INFO]: Chaenyx[/127.0.0.1:55379] logged in with entity id 303 at ([villa]316.7199078973035, -26.578203016680682, 344.62102529088907)
[21:26:48] [Async Chat Thread - #4/INFO]: <Rohzer47> agrega
[21:26:49] [Async Chat Thread - #4/INFO]: <Rohzer47> un pozo
[21:26:52] [Async Chat Thread - #4/INFO]: <Rohzer47> y campana
[21:27:02] [Async Chat Thread - #4/INFO]: <Chaenyx> el nova ni agrego eso
[21:27:04] [Async Chat Thread - #4/INFO]: <Chaenyx> ese hdp xd
[21:27:15] [Async Chat Thread - #4/INFO]: <Rohzer47> por cierto
[21:27:18] [Async Chat Thread - #4/INFO]: <Rohzer47> los zancos
[21:27:22] [Async Chat Thread - #4/INFO]: <Rohzer47> creo los queria mas gruesos
[21:27:22] [Server thread/INFO]: Chaenyx issued server command: //copy
[21:27:26] [Async Chat Thread - #4/INFO]: <Rohzer47> menos cantidad pero mas grosor
[21:27:37] [Async Chat Thread - #4/INFO]: <Chaenyx> como me miras
[21:27:37] [Async Chat Thread - #4/INFO]: <Chaenyx> ven
[21:27:38] [Async Chat Thread - #4/INFO]: <Rohzer47> pero me parece bien
[21:27:39] [Async Chat Thread - #4/INFO]: <Rohzer47> me gusta
[21:27:48] [Async Chat Thread - #4/INFO]: <Rohzer47> te veo normal
[21:27:50] [Async Chat Thread - #3/INFO]: <Rohzer47> y traspasas
[21:27:52] [Async Chat Thread - #3/INFO]: <Chaenyx> no me ves pasar
[21:27:53] [Async Chat Thread - #3/INFO]: <Chaenyx> xd
[21:27:53] [Async Chat Thread - #3/INFO]: <Rohzer47> como si estuvieras en spect
[21:27:55] [Async Chat Thread - #3/INFO]: <Rohzer47> q mrda
[21:27:58] [Async Chat Thread - #3/INFO]: <Chaenyx> xd
[21:28:00] [Async Chat Thread - #3/INFO]: <Rohzer47> pq?
[21:28:01] [Async Chat Thread - #3/INFO]: <Chaenyx> mora
[21:28:05] [Server thread/INFO]: Rohzer47 issued server command: /gm 3
[21:28:06] [Async Chat Thread - #3/INFO]: <Chaenyx> ven
[21:28:07] [Server thread/INFO]: Rohzer47 issued server command: /gamemode creative
[21:28:17] [Async Chat Thread - #3/INFO]: <Rohzer47> qye verga
[21:28:20] [Async Chat Thread - #3/INFO]: <Chaenyx> ahoar
[21:28:36] [Async Chat Thread - #3/INFO]: <Rohzer47> el axion
[21:28:43] [Async Chat Thread - #3/INFO]: <Rohzer47> ?
[21:28:45] [Async Chat Thread - #3/INFO]: <Chaenyx> si
[21:28:50] [Async Chat Thread - #3/INFO]: <Chaenyx> como me miras ahor
[21:29:12] [Async Chat Thread - #3/INFO]: <Chaenyx> eta god
[21:29:22] [Async Chat Thread - #3/INFO]: <Chaenyx> pero para world edit lo mismo pero solo sin comandos
[21:29:37] [Async Chat Thread - #3/INFO]: <Chaenyx> pero ya de tant ousar comandos ya es mas rapido por comandos que por esa interfaz
[21:29:38] [Async Chat Thread - #3/INFO]: <Chaenyx> xd
[21:29:55] [Server thread/INFO]: Chaenyx issued server command: //paste -a
[21:29:57] [Server thread/INFO]: Chaenyx issued server command: //und
[21:29:59] [Server thread/INFO]: Chaenyx issued server command: //undo
[21:30:00] [Server thread/INFO]: Chaenyx issued server command: //rotate 90
[21:30:02] [Server thread/INFO]: Chaenyx issued server command: //rotate 180
[21:30:05] [Server thread/INFO]: Chaenyx issued server command: //paste -a
[21:30:18] [Async Chat Thread - #3/INFO]: <Chaenyx> eso es mas para lo novatos por lo que veo
[21:30:19] [Async Chat Thread - #4/INFO]: <Rohzer47> al rato me enseñas a usar
[21:30:30] [Async Chat Thread - #4/INFO]: <Rohzer47> entonces
[21:30:34] [Async Chat Thread - #4/INFO]: <Rohzer47> agrega pozo y campana
[21:30:37] [Async Chat Thread - #4/INFO]: <Rohzer47> y los zancos de abajo
[21:30:44] [Async Chat Thread - #4/INFO]: <Rohzer47> quita que no se vean muchos y hazlos mas grueso
[21:30:45] [Async Chat Thread - #4/INFO]: <Rohzer47> y listo
[21:30:55] [Async Chat Thread - #4/INFO]: <Chaenyx> saco 3 modelos
[21:31:00] [Async Chat Thread - #4/INFO]: <Chaenyx> y el resto solo remplazxamos casas?
[21:31:04] [Async Chat Thread - #4/INFO]: <Rohzer47> see
[21:31:08] [Async Chat Thread - #4/INFO]: <Rohzer47> 3-4 modelos
[21:31:24] [Async Chat Thread - #4/INFO]: <Rohzer47> me haces ping o escribes por whats
[21:31:29] [Async Chat Thread - #4/INFO]: <Rohzer47> NO ME HAGAS LLAMADA PTA
[21:31:29] [Async Chat Thread - #4/INFO]: <Chaenyx> esprta
[21:31:31] [Async Chat Thread - #4/INFO]: <Chaenyx> hdp
[21:31:32] [Async Chat Thread - #4/INFO]: <Rohzer47> eu
[21:31:35] [Async Chat Thread - #4/INFO]: <Chaenyx> thago eso
[21:31:37] [Async Chat Thread - #4/INFO]: <Chaenyx> y tomas foto
[21:31:42] [Async Chat Thread - #4/INFO]: <Rohzer47> va
[21:31:48] [Async Chat Thread - #4/INFO]: <Chaenyx> si pudes
[21:31:51] [Async Chat Thread - #4/INFO]: <Chaenyx> quita lo sacos
[21:31:54] [Async Chat Thread - #4/INFO]: <Rohzer47> voy
[21:31:55] [Server thread/INFO]: Rohzer47 issued server command: /day
[21:31:57] [Server thread/INFO]: Rohzer47 issued server command: /speed 1
[21:32:00] [Server thread/INFO]: Rohzer47 issued server command: //wand
[21:32:07] [Server thread/INFO]: Rohzer47 issued server command: //set 0
[21:32:11] [Server thread/INFO]: Rohzer47 issued server command: //set 0
[21:32:16] [Server thread/INFO]: Rohzer47 issued server command: //set 0
[21:32:29] [Server thread/INFO]: Rohzer47 issued server command: //set 0
[21:32:41] [Server thread/INFO]: Rohzer47 issued server command: //set 0
[21:32:46] [Server thread/INFO]: Rohzer47 issued server command: //set 0
[21:32:52] [Server thread/INFO]: Rohzer47 issued server command: //set 0
[21:33:01] [Server thread/INFO]: Rohzer47 issued server command: //set 0
[21:33:04] [Server thread/INFO]: Rohzer47 issued server command: //undo
[21:33:09] [Server thread/INFO]: Rohzer47 issued server command: //set 0
[21:33:16] [Server thread/INFO]: Rohzer47 issued server command: //set 0
[21:33:18] [Server thread/INFO]: Rohzer47 issued server command: //set 0
[21:33:19] [Async Chat Thread - #5/INFO]: <Chaenyx> que dijo nefor
[21:33:32] [Async Chat Thread - #5/INFO]: <Rohzer47> de q
[21:33:33] [Async Chat Thread - #5/INFO]: <Rohzer47> ]/tpall
[21:33:35] [Async Chat Thread - #5/INFO]: <Rohzer47> mira
[21:33:36] [Server thread/INFO]: Rohzer47 issued server command: /tpall
[21:33:37] [Async Chat Thread - #5/INFO]: <Rohzer47> hay lana
[21:33:39] [Async Chat Thread - #5/INFO]: <Chaenyx> del pago
[21:33:47] [Server thread/INFO]: Rohzer47 issued server command: //set 0
[21:33:53] [Async Chat Thread - #5/INFO]: <Rohzer47> pues si lo tienes hoy o mañana
[21:33:58] [Async Chat Thread - #5/INFO]: <Rohzer47> posiblemente si te de más de 100
[21:34:02] [Async Chat Thread - #5/INFO]: <Rohzer47> por esta correccion
[21:34:10] [Async Chat Thread - #5/INFO]: <Rohzer47> y
[21:34:13] [Async Chat Thread - #5/INFO]: <Rohzer47> en los sig proyectos
[21:34:21] [Async Chat Thread - #5/INFO]: <Rohzer47> ya la convenci de q te suba el sueldo
[21:34:22] [Async Chat Thread - #5/INFO]: <Rohzer47> mucho
[21:34:25] [Async Chat Thread - #5/INFO]: <Rohzer47> no mmdas de 100
[21:34:29] [Async Chat Thread - #5/INFO]: <Rohzer47> no mmdas de 100
[21:34:33] [Server thread/INFO]: Rohzer47 issued server command: //set 0
[21:34:35] [Server thread/INFO]: Rohzer47 issued server command: //set 0
[21:34:49] [Async Chat Thread - #5/INFO]: <Rohzer47> voy afk un seg
[21:34:51] [Server thread/INFO]: Rohzer47 issued server command: /speed 10
[21:34:52] [Async Chat Thread - #5/INFO]: <Chaenyx> vale
[21:34:55] [Server thread/INFO]: Chaenyx issued server command: //pos2
[21:35:02] [Server thread/INFO]: Chaenyx issued server command: //replace 35:7 mud
[21:35:12] [Server thread/INFO]: Chaenyx issued server command: //replace 35:8 mud
[21:41:12] [Server thread/INFO]: Chaenyx issued server command: /speed 3
[21:41:22] [Server thread/INFO]: Chaenyx issued server command: /speed 1
[21:43:27] [Server thread/INFO]: Chaenyx issued server command: //pos2
[21:43:46] [Server thread/INFO]: Chaenyx issued server command: //replace <mud mangrove_stairs[half=top
[21:43:49] [Server thread/INFO]: Chaenyx issued server command: //undo
[21:43:54] [Server thread/INFO]: Chaenyx issued server command: //replace <mud mangrove_slab[half=top
[21:44:00] [Server thread/INFO]: Chaenyx issued server command: //replace <mud mangrove_slab[type=top
[21:44:03] [Server thread/INFO]: Chaenyx issued server command: //undo
[21:44:05] [Server thread/INFO]: Chaenyx issued server command: //gmask 0
[21:44:24] [Server thread/INFO]: Chaenyx issued server command: //replace <mud,cobbled_deepslate mangrove_slab[type=top
[21:44:30] [Server thread/INFO]: Chaenyx issued server command: //undo
[21:44:41] [Server thread/INFO]: Chaenyx issued server command: //replace <mud,cobbled_deepslate,moss_block mangrove_slab[type=top
[21:46:01] [Server thread/INFO]: Chaenyx issued server command: /speed 4
[21:46:09] [Async Chat Thread - #7/INFO]: <Rohzer47> a
[21:47:02] [Async Chat Thread - #7/INFO]: <Rohzer47> a esta
[21:47:04] [Async Chat Thread - #7/INFO]: <Rohzer47> agregale otro
[21:47:08] [Async Chat Thread - #7/INFO]: <Chaenyx> ?
[21:47:09] [Async Chat Thread - #7/INFO]: <Rohzer47> pa q no parezca flotando
[21:47:12] [Server thread/INFO]: Chaenyx issued server command: /speed 1
[21:47:12] [Async Chat Thread - #7/INFO]: <Rohzer47> otro sanco
[21:47:13] [Server thread/INFO]: Chaenyx issued server command: /n
[21:47:17] [Async Chat Thread - #7/INFO]: <Rohzer47> por aca
[21:47:28] [Server thread/INFO]: Rohzer47 issued server command: /speed 1
[21:47:40] [Server thread/INFO]: Rohzer47 issued server command: //move 5
[21:47:44] [Server thread/INFO]: Rohzer47 issued server command: //undo
[21:47:49] [Server thread/INFO]: Rohzer47 issued server command: //move 3
[21:47:55] [Async Chat Thread - #7/INFO]: <Chaenyx> me encata
[21:48:00] [Async Chat Thread - #7/INFO]: <Chaenyx> porque no debo estar poniemome en gm3
[21:48:00] [Async Chat Thread - #7/INFO]: <Chaenyx> xd
[21:48:19] [Async Chat Thread - #7/INFO]: <Rohzer47> vale
[21:48:22] [Server thread/INFO]: Chaenyx issued server command: /n
[21:48:25] [Async Chat Thread - #7/INFO]: <Rohzer47> ndate a la mrda pa q no salgas en la foto
[21:48:32] [Async Chat Thread - #8/INFO]: <Chaenyx> xddd
[21:48:39] [Async Chat Thread - #7/INFO]: <Chaenyx> los derechos de autor
[21:48:40] [Async Chat Thread - #7/INFO]: <Chaenyx> :v
[21:48:51] [Server thread/INFO]: Chaenyx issued server command: /speed 4
[21:49:31] [Async Chat Thread - #7/INFO]: <Rohzer47> PUTA ED MRDAAA
[21:49:33] [Async Chat Thread - #7/INFO]: <Chaenyx> xdd
[21:49:43] [Async Chat Thread - #7/INFO]: <Rohzer47> ME SALISTE COMO EN 20 FOTOS
[21:49:47] [Async Chat Thread - #7/INFO]: <Rohzer47> listo ahi mando fotos
[21:49:47] [Async Chat Thread - #7/INFO]: <Chaenyx> v:
[21:49:50] [Async Chat Thread - #7/INFO]: <Rohzer47> ve haciendo los otros 2 modelos
[21:49:52] [Async Chat Thread - #7/INFO]: <Rohzer47> ahi vengo
[21:49:54] [Server thread/INFO]: Rohzer47 issued server command: /speed 10
[21:49:56] [Async Chat Thread - #7/INFO]: <Chaenyx> ma;ana
[21:50:01] [Async Chat Thread - #7/INFO]: <Chaenyx> si acepta este
[21:50:07] [Async Chat Thread - #7/INFO]: <Chaenyx> saco modelos rapido
[21:51:41] [Async Chat Thread - #9/INFO]: <Rohzer47> vale
[21:51:48] [Async Chat Thread - #9/INFO]: <Rohzer47> te hablo por dc
[21:51:49] [Server thread/INFO]: Rohzer47 lost connection: Disconnected
[21:51:49] [Server thread/INFO]: Rohzer47 left the game
[21:52:33] [Server thread/INFO]: Chaenyx lost connection: Disconnected
[21:52:33] [Server thread/INFO]: Chaenyx left the game
[21:53:25] [Server thread/INFO]: Stopping the server
[21:53:25] [Server thread/INFO]: Stopping server
[21:53:25] [Server thread/INFO]: [AxiomPaper] Disabling AxiomPaper v4.0.4+1.21.4
[21:53:25] [Server thread/INFO]: [Builders-Utilities] Disabling Builders-Utilities v2.1.1-127
[21:53:25] [Server thread/INFO]: [Essentials] Disabling Essentials v2.21.0
[21:53:25] [Server thread/INFO]: [ezEdits] Disabling ezEdits v0.13.1
[21:53:25] [Server thread/INFO]: [ezEdits] ezEdits has been disabled
[21:53:25] [Server thread/INFO]: [goBrush] Disabling goBrush v3.8.0-87
[21:53:25] [Server thread/INFO]: [goPaint] Disabling goPaint v3.1.0-97
[21:53:25] [Server thread/INFO]: [MiniMOTD] Disabling MiniMOTD v2.1.5
[21:53:25] [Server thread/INFO]: [Multiverse-Core] Disabling Multiverse-Core v4.3.16
[21:53:25] [Server thread/INFO]: [Arceon] Disabling Arceon v0.4.9
[21:53:25] [Server thread/INFO]: [FastAsyncWorldEdit] Disabling FastAsyncWorldEdit v2.13.1-SNAPSHOT-1086;aee75c1
[21:53:25] [Server thread/INFO]: Unregistering com.sk89q.worldedit.bukkit.BukkitServerInterface from WorldEdit
[21:53:25] [Server thread/INFO]: Saving players
[21:53:26] [Server thread/INFO]: Saving worlds
[21:53:26] [Server thread/INFO]: Saving chunks for level 'ServerLevel[world]'/minecraft:overworld
[21:53:26] [Server thread/INFO]: [ChunkHolderManager] Waiting 60s for chunk system to halt for world 'world'
[21:53:26] [Server thread/INFO]: [ChunkHolderManager] Halted chunk system for world 'world'
[21:53:26] [Server thread/INFO]: [ChunkHolderManager] Saving all chunkholders for world 'world'
[21:53:26] [Server thread/INFO]: [ChunkHolderManager] Saved 0 block chunks, 8 entity chunks, 0 poi chunks in world 'world' in 0,01s
[21:53:26] [Server thread/INFO]: [ChunkHolderManager] Waiting 60s for chunk I/O to halt for world 'world'
[21:53:26] [Server thread/INFO]: [ChunkHolderManager] Halted I/O scheduler for world 'world'
[21:53:26] [Server thread/INFO]: Saving chunks for level 'ServerLevel[world_the_end]'/minecraft:the_end
[21:53:26] [Server thread/INFO]: [ChunkHolderManager] Waiting 60s for chunk system to halt for world 'world_the_end'
[21:53:26] [Server thread/INFO]: [ChunkHolderManager] Halted chunk system for world 'world_the_end'
[21:53:26] [Server thread/INFO]: [ChunkHolderManager] Saving all chunkholders for world 'world_the_end'
[21:53:26] [Server thread/INFO]: [ChunkHolderManager] Saved 0 block chunks, 10 entity chunks, 0 poi chunks in world 'world_the_end' in 0,01s
[21:53:26] [Server thread/INFO]: [ChunkHolderManager] Waiting 60s for chunk I/O to halt for world 'world_the_end'
[21:53:26] [Server thread/INFO]: [ChunkHolderManager] Halted I/O scheduler for world 'world_the_end'
[21:53:26] [Server thread/INFO]: Saving chunks for level 'ServerLevel[villa]'/minecraft:villa
[21:53:26] [Server thread/INFO]: [ChunkHolderManager] Waiting 60s for chunk system to halt for world 'villa'
[21:53:26] [Server thread/INFO]: [ChunkHolderManager] Halted chunk system for world 'villa'
[21:53:26] [Server thread/INFO]: [ChunkHolderManager] Saving all chunkholders for world 'villa'
[21:53:26] [Server thread/INFO]: [ChunkHolderManager] Saved 0 block chunks, 28 entity chunks, 0 poi chunks in world 'villa' in 0,02s
[21:53:26] [Server thread/INFO]: [ChunkHolderManager] Waiting 60s for chunk I/O to halt for world 'villa'
[21:53:26] [Server thread/INFO]: [ChunkHolderManager] Halted I/O scheduler for world 'villa'
[21:53:26] [Server thread/INFO]: ThreadedAnvilChunkStorage (world): All chunks are saved
[21:53:26] [Server thread/INFO]: ThreadedAnvilChunkStorage (DIM1): All chunks are saved
[21:53:26] [Server thread/INFO]: ThreadedAnvilChunkStorage (villa): All chunks are saved
[21:53:26] [Server thread/INFO]: ThreadedAnvilChunkStorage: All dimensions are saved
[21:53:26] [Server thread/INFO]: Waiting for I/O tasks to complete...
[21:53:26] [Server thread/INFO]: All I/O tasks to complete
[21:53:26] [Server thread/INFO]: [MoonriseCommon] Awaiting termination of worker pool for up to 60s...
[21:53:26] [Server thread/INFO]: [MoonriseCommon] Awaiting termination of I/O pool for up to 60s...
